{
  "version": "1.5.0",
  "plugins_used": [
    {
      "name": "ArtifactoryDetector"
    },
    {
      "name": "AWSKeyDetector"
    },
    {
      "name": "AzureStorageKeyDetector"
    },
    {
      "name": "Base64HighEntropyString",
      "limit": 4.5
    },
    {
      "name": "BasicAuthDetector"
    },
    {
      "name": "CloudantDetector"
    },
    {
      "name": "DiscordBotTokenDetector"
    },
    {
      "name": "GitHubTokenDetector"
    },
    {
      "name": "GitLabTokenDetector"
    },
    {
      "name": "HexHighEntropyString",
      "limit": 3.0
    },
    {
      "name": "IbmCloudIamDetector"
    },
    {
      "name": "IbmCosHmacDetector"
    },
    {
      "name": "IPPublicDetector"
    },
    {
      "name": "JwtTokenDetector"
    },
    {
      "name": "KeywordDetector",
      "keyword_exclude": ""
    },
    {
      "name": "MailchimpDetector"
    },
    {
      "name": "NpmDetector"
    },
    {
      "name": "OpenAIDetector"
    },
    {
      "name": "PrivateKeyDetector"
    },
    {
      "name": "PypiTokenDetector"
    },
    {
      "name": "SendGridDetector"
    },
    {
      "name": "SlackDetector"
    },
    {
      "name": "SoftlayerDetector"
    },
    {
      "name": "SquareOAuthDetector"
    },
    {
      "name": "StripeDetector"
    },
    {
      "name": "TelegramBotTokenDetector"
    },
    {
      "name": "TwilioKeyDetector"
    }
  ],
  "filters_used": [
    {
      "path": "detect_secrets.filters.allowlist.is_line_allowlisted"
    },
    {
      "path": "detect_secrets.filters.common.is_ignored_due_to_verification_policies",
      "min_level": 2
    },
    {
      "path": "detect_secrets.filters.heuristic.is_indirect_reference"
    },
    {
      "path": "detect_secrets.filters.heuristic.is_likely_id_string"
    },
    {
      "path": "detect_secrets.filters.heuristic.is_lock_file"
    },
    {
      "path": "detect_secrets.filters.heuristic.is_not_alphanumeric_string"
    },
    {
      "path": "detect_secrets.filters.heuristic.is_potential_uuid"
    },
    {
      "path": "detect_secrets.filters.heuristic.is_prefixed_with_dollar_sign"
    },
    {
      "path": "detect_secrets.filters.heuristic.is_sequential_string"
    },
    {
      "path": "detect_secrets.filters.heuristic.is_swagger_file"
    },
    {
      "path": "detect_secrets.filters.heuristic.is_templated_secret"
    }
  ],
  "results": {
    "tests/test_alerts_rules.py": [
      {
        "type": "Secret Keyword",
        "filename": "tests/test_alerts_rules.py",
        "hashed_secret": "7a85f4764bbd6daf1c3545efbbf0f279a6dc0beb",
        "is_verified": false,
        "line_number": 39
      }
    ],
    "tests/test_cli_wallets.py": [
      {
        "type": "Secret Keyword",
        "filename": "tests/test_cli_wallets.py",
        "hashed_secret": "7a85f4764bbd6daf1c3545efbbf0f279a6dc0beb",
        "is_verified": false,
        "line_number": 113
      }
    ],
    "tests/test_config.py": [
      {
        "type": "Secret Keyword",
        "filename": "tests/test_config.py",
        "hashed_secret": "0d612c12d2ac33625bf3e0351b6f5e4f73829fa8",
        "is_verified": false,
        "line_number": 28
      },
      {
        "type": "Secret Keyword",
        "filename": "tests/test_config.py",
        "hashed_secret": "920f8f5815b381ea692e9e7c2f7119f2b1aa620a",
        "is_verified": false,
        "line_number": 44
      }
    ],
    "tests/test_keccak.py": [
      {
        "type": "Hex High Entropy String",
        "filename": "tests/test_keccak.py",
        "hashed_secret": "8820d7416a0dccd6e63aaea54594009f53468519",
        "is_verified": false,
        "line_number": 19
      },
      {
        "type": "Hex High Entropy String",
        "filename": "tests/test_keccak.py",
        "hashed_secret": "f36e265808b889848f115c833cd77550842c8be9",
        "is_verified": false,
        "line_number": 23
      },
      {
        "type": "Hex High Entropy String",
        "filename": "tests/test_keccak.py",
        "hashed_secret": "ca44ef0ff46194317b42814332ba816a1a0f2de6",
        "is_verified": false,
        "line_number": 27
      },
      {
        "type": "Hex High Entropy String",
        "filename": "tests/test_keccak.py",
        "hashed_secret": "74f5b3640deca333f0c042cf64ba7afdae69efe5",
        "is_verified": false,
        "line_number": 40
      }
    ],
    "tests/test_wallet_registry.py": [
      {
        "type": "Base64 High Entropy String",
        "filename": "tests/test_wallet_registry.py",
        "hashed_secret": "2db5b3e914e61432025fb23623a47135ff85afd5",
        "is_verified": false,
        "line_number": 14
      }
    ],
    "tests/test_wallet_validation.py": [
      {
        "type": "Hex High Entropy String",
        "filename": "tests/test_wallet_validation.py",
        "hashed_secret": "af035edd1a2e4823651c4cab3fcbdb7c3520a3ac",
        "is_verified": false,
        "line_number": 48
      },
      {
        "type": "Base64 High Entropy String",
        "filename": "tests/test_wallet_validation.py",
        "hashed_secret": "098eca9912fd99b52472b5307eeee58ffe69501d",
        "is_verified": false,
        "line_number": 65
      },
      {
        "type": "Base64 High Entropy String",
        "filename": "tests/test_wallet_validation.py",
        "hashed_secret": "d126b6627572d44d60a5c62f396c3ee16ed651bc",
        "is_verified": false,
        "line_number": 72
      },
      {
        "type": "Base64 High Entropy String",
        "filename": "tests/test_wallet_validation.py",
        "hashed_secret": "e20cb0f6a2843a31a084178dfe6fbc5ab140a918",
        "is_verified": false,
        "line_number": 78
      },
      {
        "type": "Base64 High Entropy String",
        "filename": "tests/test_wallet_validation.py",
        "hashed_secret": "906dfaa61968e5c1e2a9b834bed4e4018310770c",
        "is_verified": false,
        "line_number": 85
      },
      {
        "type": "Base64 High Entropy String",
        "filename": "tests/test_wallet_validation.py",
        "hashed_secret": "b1ee0602ce86c43781b93ea86fde27dffa4640f0",
        "is_verified": false,
        "line_number": 86
      },
      {
        "type": "Base64 High Entropy String",
        "filename": "tests/test_wallet_validation.py",
        "hashed_secret": "822225ab64b3f4f08e329e578c2c812aa66ef51a",
        "is_verified": false,
        "line_number": 87
      },
      {
        "type": "Base64 High Entropy String",
        "filename": "tests/test_wallet_validation.py",
        "hashed_secret": "44d006e0e29a2559df66ce066dd0ddaa30f4f583",
        "is_verified": false,
        "line_number": 88
      },
      {
        "type": "Base64 High Entropy String",
        "filename": "tests/test_wallet_validation.py",
        "hashed_secret": "2db5b3e914e61432025fb23623a47135ff85afd5",
        "is_verified": false,
        "line_number": 103
      },
      {
        "type": "Base64 High Entropy String",
        "filename": "tests/test_wallet_validation.py",
        "hashed_secret": "8429c03c8a68427278f15b8820af1fecb446b29d",
        "is_verified": false,
        "line_number": 113
      },
      {
        "type": "Base64 High Entropy String",
        "filename": "tests/test_wallet_validation.py",
        "hashed_secret": "8991ca2c5ad4f52ee5df96adf4b01d9161c35115",
        "is_verified": false,
        "line_number": 114
      }
    ]
  },
  "generated_at": "2026-08-02T03:33:21Z"
}
